Enter password: ****
Welcome to the MySQL monitor.  Commands end with ; or \g.
Your MySQL connection id is 11
Server version: 5.7.11-log MySQL Community Server (GPL)

Copyright (c) 2000, 2016, Oracle and/or its affiliates. All rights reserved.

Oracle is a registered trademark of Oracle Corporation and/or its
affiliates. Other names may be trademarks of their respective
owners.

Type 'help;' or '\h' for help. Type '\c' to clear the current input statement.

mysql> USE prijatelji;
Database changed
mysql> INSERT INTO kucni
    -> VALUES (NULL, 'Zorana', 'Zoranovic', 555666);
Query OK, 1 row affected (0.09 sec)

mysql> SELECT * FROM kucni;
+----+--------+-----------+---------+
| id | Ime    | Prezime   | Telefon |
+----+--------+-----------+---------+
|  1 | Petar  | Peric     |  444555 |
|  2 | Mitar  | Miric     |  111222 |
|  3 | Zorana | Zoranovic |  555666 |
+----+--------+-----------+---------+
3 rows in set (0.00 sec)

mysql> INSERT INTO kucni(id, Ime, Prezime, Telefon)
    -> VALUES (10, 'Goran', 'Goranovic', 333222);
Query OK, 1 row affected (0.06 sec)

mysql> SELECT * FORM kucni;
ERROR 1064 (42000): You have an error in your SQL syntax; check the manual that corresponds to your MySQL server version for the right syntax to use near 'FORM kucni' at line 1
mysql> SELCT * FROM kucni;
ERROR 1064 (42000): You have an error in your SQL syntax; check the manual that corresponds to your MySQL server version for the right syntax to use near 'SELCT * FROM kucni' at line 1
mysql> SELECT * FROM kucni;
+----+--------+-----------+---------+
| id | Ime    | Prezime   | Telefon |
+----+--------+-----------+---------+
|  1 | Petar  | Peric     |  444555 |
|  2 | Mitar  | Miric     |  111222 |
|  3 | Zorana | Zoranovic |  555666 |
| 10 | Goran  | Goranovic |  333222 |
+----+--------+-----------+---------+
4 rows in set (0.00 sec)

mysql> INSERT INTO kucni(id, Ime, Prezime, Telefon)
    -> VALUES (NULL, 'Ana', 'Pljakic', 777222);
Query OK, 1 row affected (0.05 sec)

mysql> SELECT * FROM kucni;
+----+--------+-----------+---------+
| id | Ime    | Prezime   | Telefon |
+----+--------+-----------+---------+
|  1 | Petar  | Peric     |  444555 |
|  2 | Mitar  | Miric     |  111222 |
|  3 | Zorana | Zoranovic |  555666 |
| 10 | Goran  | Goranovic |  333222 |
| 11 | Ana    | Pljakic   |  777222 |
+----+--------+-----------+---------+
5 rows in set (0.00 sec)

mysql> INSERT INTO kucni(id, Ime, Prezime, Telefon)
    -> VALUES (5, 'Vasilije', 'Doticni', 333111);
Query OK, 1 row affected (0.08 sec)

mysql> SELECT * FROM kucni;
+----+----------+-----------+---------+
| id | Ime      | Prezime   | Telefon |
+----+----------+-----------+---------+
|  1 | Petar    | Peric     |  444555 |
|  2 | Mitar    | Miric     |  111222 |
|  3 | Zorana   | Zoranovic |  555666 |
|  5 | Vasilije | Doticni   |  333111 |
| 10 | Goran    | Goranovic |  333222 |
| 11 | Ana      | Pljakic   |  777222 |
+----+----------+-----------+---------+
6 rows in set (0.00 sec)

mysql> INSERT INTO kucni(id, Ime, Prezime, Telefon)
    -> VALUES (NULL, 'Lazar', 'Grigorijevic', 777444);
Query OK, 1 row affected (0.12 sec)

mysql> SELECT * FROM kucni;
+----+----------+--------------+---------+
| id | Ime      | Prezime      | Telefon |
+----+----------+--------------+---------+
|  1 | Petar    | Peric        |  444555 |
|  2 | Mitar    | Miric        |  111222 |
|  3 | Zorana   | Zoranovic    |  555666 |
|  5 | Vasilije | Doticni      |  333111 |
| 10 | Goran    | Goranovic    |  333222 |
| 11 | Ana      | Pljakic      |  777222 |
| 12 | Lazar    | Grigorijevic |  777444 |
+----+----------+--------------+---------+
7 rows in set (0.00 sec)

mysql>